// Jest Snapshot v1, https://goo.gl/fbAQLP

exports[`SolutionWidget render snapshot: renders correct default 1`] = `
<div
  className="tinyMceWidget mt-4 text-primary-500"
>
  <div
    className="h4 mb-3"
  >
    <FormattedMessage
      defaultMessage="Explanation"
      description="Explanation Title"
      id="authoring.problemEditor.explanationwidget.explanationWidgetTitle"
    />
  </div>
  <div
    className="small mb-3"
  >
    <FormattedMessage
      defaultMessage="Provide an explanation for the correct answer"
      description="Description of the solution widget"
      id="authoring.problemEditor.explanationwidget.solutionDescriptionText"
    />
  </div>
  <TinyMceWidget
    disabled={false}
    editorContentHtml="This is my solution"
    editorRef={null}
    editorType="solution"
    id="solution"
    images={{}}
    isLibrary={false}
    learningContextId="course+org+run"
    lmsEndpointUrl=""
    minHeight={150}
    onChange={[Function]}
    placeholder="Enter your explanation"
    setEditorRef={[MockFunction prepareEditorRef.setEditorRef]}
    studioEndpointUrl=""
  />
</div>
`;
