// Jest Snapshot v1, https://goo.gl/fbAQLP

exports[`SettingsComponent renders LazyLoadedComponent when provided with props 1`] = `[Function]`;
