// Jest Snapshot v1, https://goo.gl/fbAQLP

exports[`SettingsSidebar should match the snapshot 1`] = `
<aside
  className="help-sidebar"
>
  <div
    className="help-sidebar-about"
  >
    <h4
      className="help-sidebar-about-title"
    >
      What do advanced settings do?
    </h4>
    <p
      className="help-sidebar-about-descriptions"
    >
      Advanced settings control specific course functionality. On this page, you can edit manual policies, which are JSON-based key and value pairs that control specific course settings.
    </p>
    <p
      className="help-sidebar-about-descriptions"
    >
      Any policies you modify here override all other information you’ve defined elsewhere in Studio. Do not edit policies unless you are familiar with both their purpose and syntax.
    </p>
    <p
      className="help-sidebar-about-descriptions"
    >
      <strong>
        Note:
      </strong>
       When you enter strings as policy values, ensure that you use double quotation marks (“) around the string. Do not use single quotation marks (‘).
    </p>
  </div>
  <hr />
  <div
    className="help-sidebar-other"
  >
    <h4
      className="help-sidebar-other-title"
    >
      Other Course Settings
    </h4>
    <nav
      aria-label="Other Course Settings"
      className="help-sidebar-other-links"
    >
      <ul
        className="p-0 mb-0"
      >
        <li
          className="help-sidebar-other-link"
        >
          <a
            className="pgn__hyperlink default-link standalone-link"
            href="http://localhost:2001/course/course123/settings/details"
            onClick={[Function]}
            rel="noopener"
            target="_self"
          >
            Schedule & Details
          </a>
        </li>
        <li
          className="help-sidebar-other-link"
        >
          <a
            className="pgn__hyperlink default-link standalone-link"
            href="http://localhost:2001/course/course123/settings/grading"
            onClick={[Function]}
            rel="noopener"
            target="_self"
          >
            Grading
          </a>
        </li>
        <li
          className="help-sidebar-other-link"
        >
          <a
            className="pgn__hyperlink default-link standalone-link"
            href="http://localhost:2001/course/course123/course_team"
            onClick={[Function]}
            rel="noopener"
            target="_self"
          >
            Course Team
          </a>
        </li>
        
        <li
          className="help-sidebar-other-link"
        >
          <a
            className="pgn__hyperlink default-link standalone-link"
            href="https://example.com/group_configurations/course123"
            onClick={[Function]}
            rel="noopener"
            target="_self"
          >
            Group Configurations
          </a>
        </li>
        <li
          className="help-sidebar-other-link"
        >
          <a
            className="pgn__hyperlink default-link standalone-link"
            href="http://localhost:2001/course/course123/settings/advanced"
            onClick={[Function]}
            rel="noopener"
            target="_self"
          >
            Advanced Settings
          </a>
        </li>
      </ul>
    </nav>
  </div>
</aside>
`;
