// Jest Snapshot v1, https://goo.gl/fbAQLP

exports[`SettingCard matches the snapshot 1`] = `
<li
  class="field-group course-advanced-policy-list-item"
>
  <div
    class="flex-column setting-card pgn__card pgn__card-light card"
    tabindex="-1"
  >
    <div
      class="pgn__card-body d-flex justify-content-between"
    >
      <div
        class="pgn__card-header"
      >
        <div
          class="pgn__card-header-content"
        >
          <div
            class="pgn__card-header-title-md"
          >
            Setting Name
          </div>
          <div
            class="pgn__card-header-subtitle-md"
          >
            <span
              class="pgn__icon"
            >
              <svg
                aria-hidden="true"
                fill="none"
                focusable="false"
                height="24"
                role="img"
                viewBox="0 0 24 24"
                width="24"
                xmlns="http://www.w3.org/2000/svg"
              >
                <path
                  d="M12 2C6.48 2 2 6.48 2 12s4.48 10 10 10 10-4.48 10-10S17.52 2 12 2zm1 15h-2v-6h2v6zm0-8h-2V7h2v2z"
                  fill="currentColor"
                />
              </svg>
            </span>
          </div>
        </div>
      </div>
      <div
        class="pgn__card-section"
      >
        <div
          class="pgn__form-group m-0"
        >
          <div
            class="pgn__form-control-decorator-group"
          >
            <textarea
              aria-label="Setting Name"
              class="has-value form-control"
              id="form-field1"
              name="settingName"
            >
              Setting Value
            </textarea>
          </div>
        </div>
      </div>
    </div>
  </div>
</li>
`;
